2024-08-11 10:40:51.824+05:30 ERROR c.m.applicationinsights.agent - 
*************************
Application Insights Java Agent 3.4.18 startup failed (PID 24868)
*************************

Description:
No connection string provided

Action:
Please provide connection string.

2024-08-11 10:41:30.276+05:30 ERROR c.m.applicationinsights.agent - 
*************************
Application Insights Java Agent 3.4.18 startup failed (PID 12784)
*************************

Description:
No connection string provided

Action:
Please provide connection string.

2024-08-11 12:09:57.779+05:30 ERROR c.m.applicationinsights.agent - 
*************************
Application Insights Java Agent 3.4.18 startup failed (PID 32756)
*************************

Description:
No connection string provided

Action:
Please provide connection string.

2024-08-11 14:05:08.620+05:30 ERROR c.m.applicationinsights.agent - 
*************************
Application Insights Java Agent 3.4.18 startup failed (PID 22720)
*************************

Description:
No connection string provided

Action:
Please provide connection string.

2024-08-11 14:31:11.361+05:30 ERROR c.m.applicationinsights.agent - 
*************************
Application Insights Java Agent 3.4.18 startup failed (PID 14180)
*************************

Description:
No connection string provided

Action:
Please provide connection string.

2024-08-11 14:34:41.839+05:30 ERROR c.m.applicationinsights.agent - 
*************************
Application Insights Java Agent 3.4.18 startup failed (PID 29880)
*************************

Description:
No connection string provided

Action:
Please provide connection string.

2024-08-11 14:42:42.022+05:30 ERROR c.m.applicationinsights.agent - 
*************************
Application Insights Java Agent 3.4.18 startup failed (PID 14612)
*************************

Description:
No connection string provided

Action:
Please provide connection string.

2024-08-11 14:48:42.804+05:30 ERROR c.m.applicationinsights.agent - 
*************************
Application Insights Java Agent 3.4.18 startup failed (PID 11836)
*************************

Description:
No connection string provided

Action:
Please provide connection string.

2024-08-11 14:51:31.098+05:30 ERROR c.m.applicationinsights.agent - 
*************************
Application Insights Java Agent 3.4.18 startup failed (PID 32544)
*************************

Description:
No connection string provided

Action:
Please provide connection string.

2024-08-11 15:27:18.522+05:30 ERROR c.m.applicationinsights.agent - 
*************************
Application Insights Java Agent 3.4.18 startup failed (PID 6692)
*************************

Description:
No connection string provided

Action:
Please provide connection string.

2024-08-11 15:28:15.335+05:30 ERROR c.m.applicationinsights.agent - 
*************************
Application Insights Java Agent 3.4.18 startup failed (PID 836)
*************************

Description:
No connection string provided

Action:
Please provide connection string.

2024-08-11 15:36:52.493+05:30 ERROR c.m.applicationinsights.agent - 
*************************
Application Insights Java Agent 3.4.18 startup failed (PID 28888)
*************************

Description:
No connection string provided

Action:
Please provide connection string.

2024-08-11 16:02:13.835+05:30 ERROR c.m.applicationinsights.agent - 
*************************
Application Insights Java Agent 3.4.18 startup failed (PID 20224)
*************************

Description:
No connection string provided

Action:
Please provide connection string.

2024-08-11 16:13:53.894+05:30 ERROR c.m.applicationinsights.agent - 
*************************
Application Insights Java Agent 3.4.18 startup failed (PID 13336)
*************************

Description:
No connection string provided

Action:
Please provide connection string.

2024-08-11 16:17:00.757+05:30 ERROR c.m.applicationinsights.agent - 
*************************
Application Insights Java Agent 3.4.18 startup failed (PID 12736)
*************************

Description:
No connection string provided

Action:
Please provide connection string.

2024-08-11 16:24:38.201+05:30 ERROR c.m.applicationinsights.agent - 
*************************
Application Insights Java Agent 3.4.18 startup failed (PID 30312)
*************************

Description:
No connection string provided

Action:
Please provide connection string.

2024-08-11 16:27:40.596+05:30 ERROR c.m.applicationinsights.agent - 
*************************
Application Insights Java Agent 3.4.18 startup failed (PID 3648)
*************************

Description:
No connection string provided

Action:
Please provide connection string.

2024-08-11 16:30:17.362+05:30 ERROR c.m.applicationinsights.agent - 
*************************
Application Insights Java Agent 3.4.18 startup failed (PID 25508)
*************************

Description:
No connection string provided

Action:
Please provide connection string.

2024-08-11 16:34:18.313+05:30 ERROR c.m.applicationinsights.agent - 
*************************
Application Insights Java Agent 3.4.18 startup failed (PID 27720)
*************************

Description:
No connection string provided

Action:
Please provide connection string.

2024-08-11 16:53:53.633+05:30 ERROR c.m.applicationinsights.agent - 
*************************
Application Insights Java Agent 3.4.18 startup failed (PID 30924)
*************************

Description:
No connection string provided

Action:
Please provide connection string.

2024-08-11 17:08:38.812+05:30 ERROR c.m.applicationinsights.agent - 
*************************
Application Insights Java Agent 3.4.18 startup failed (PID 33384)
*************************

Description:
No connection string provided

Action:
Please provide connection string.

2024-08-11 17:10:10.717+05:30 ERROR c.m.applicationinsights.agent - 
*************************
Application Insights Java Agent 3.4.18 startup failed (PID 33632)
*************************

Description:
No connection string provided

Action:
Please provide connection string.

2024-08-11 17:26:46.176+05:30 ERROR c.m.applicationinsights.agent - 
*************************
Application Insights Java Agent 3.4.18 startup failed (PID 23764)
*************************

Description:
No connection string provided

Action:
Please provide connection string.

2024-08-11 17:31:15.479+05:30 ERROR c.m.applicationinsights.agent - 
*************************
Application Insights Java Agent 3.4.18 startup failed (PID 872)
*************************

Description:
No connection string provided

Action:
Please provide connection string.

2024-08-11 17:41:00.591+05:30 ERROR c.m.applicationinsights.agent - 
*************************
Application Insights Java Agent 3.4.18 startup failed (PID 1900)
*************************

Description:
No connection string provided

Action:
Please provide connection string.

2024-08-11 17:43:31.509+05:30 ERROR c.m.applicationinsights.agent - 
*************************
Application Insights Java Agent 3.4.18 startup failed (PID 31456)
*************************

Description:
No connection string provided

Action:
Please provide connection string.

2024-08-11 17:55:52.230+05:30 ERROR c.m.applicationinsights.agent - 
*************************
Application Insights Java Agent 3.4.18 startup failed (PID 30204)
*************************

Description:
No connection string provided

Action:
Please provide connection string.

2024-08-11 17:56:54.017+05:30 ERROR c.m.applicationinsights.agent - 
*************************
Application Insights Java Agent 3.4.18 startup failed (PID 31648)
*************************

Description:
No connection string provided

Action:
Please provide connection string.

2024-08-11 17:58:51.835+05:30 ERROR c.m.applicationinsights.agent - 
*************************
Application Insights Java Agent 3.4.18 startup failed (PID 33580)
*************************

Description:
No connection string provided

Action:
Please provide connection string.

2024-08-11 18:01:29.559+05:30 ERROR c.m.applicationinsights.agent - 
*************************
Application Insights Java Agent 3.4.18 startup failed (PID 11672)
*************************

Description:
No connection string provided

Action:
Please provide connection string.

2024-08-11 18:13:11.718+05:30 ERROR c.m.applicationinsights.agent - 
*************************
Application Insights Java Agent 3.4.18 startup failed (PID 18092)
*************************

Description:
No connection string provided

Action:
Please provide connection string.

2024-08-11 18:16:38.323+05:30 ERROR c.m.applicationinsights.agent - 
*************************
Application Insights Java Agent 3.4.18 startup failed (PID 8652)
*************************

Description:
No connection string provided

Action:
Please provide connection string.

2024-08-11 18:24:18.321+05:30 ERROR c.m.applicationinsights.agent - 
*************************
Application Insights Java Agent 3.4.18 startup failed (PID 28952)
*************************

Description:
No connection string provided

Action:
Please provide connection string.

2024-08-11 18:27:17.874+05:30 ERROR c.m.applicationinsights.agent - 
*************************
Application Insights Java Agent 3.4.18 startup failed (PID 29988)
*************************

Description:
No connection string provided

Action:
Please provide connection string.

2024-08-11 18:29:30.347+05:30 ERROR c.m.applicationinsights.agent - 
*************************
Application Insights Java Agent 3.4.18 startup failed (PID 31416)
*************************

Description:
No connection string provided

Action:
Please provide connection string.

2024-08-11 18:30:57.004+05:30 ERROR c.m.applicationinsights.agent - 
*************************
Application Insights Java Agent 3.4.18 startup failed (PID 16180)
*************************

Description:
No connection string provided

Action:
Please provide connection string.

2024-08-11 18:39:10.138+05:30 ERROR c.m.applicationinsights.agent - 
*************************
Application Insights Java Agent 3.4.18 startup failed (PID 27868)
*************************

Description:
No connection string provided

Action:
Please provide connection string.

2024-08-11 18:41:02.688+05:30 ERROR c.m.applicationinsights.agent - 
*************************
Application Insights Java Agent 3.4.18 startup failed (PID 17928)
*************************

Description:
No connection string provided

Action:
Please provide connection string.

2024-08-11 18:46:14.661+05:30 ERROR c.m.applicationinsights.agent - 
*************************
Application Insights Java Agent 3.4.18 startup failed (PID 22240)
*************************

Description:
No connection string provided

Action:
Please provide connection string.

2024-08-11 19:45:20.246+05:30 ERROR c.m.applicationinsights.agent - 
*************************
Application Insights Java Agent 3.4.18 startup failed (PID 22920)
*************************

Description:
No connection string provided

Action:
Please provide connection string.

2024-08-11 19:47:04.053+05:30 ERROR c.m.applicationinsights.agent - 
*************************
Application Insights Java Agent 3.4.18 startup failed (PID 23212)
*************************

Description:
No connection string provided

Action:
Please provide connection string.

2024-08-11 19:47:57.754+05:30 ERROR c.m.applicationinsights.agent - 
*************************
Application Insights Java Agent 3.4.18 startup failed (PID 2608)
*************************

Description:
No connection string provided

Action:
Please provide connection string.

2024-08-11 19:49:59.200+05:30 ERROR c.m.applicationinsights.agent - 
*************************
Application Insights Java Agent 3.4.18 startup failed (PID 34224)
*************************

Description:
No connection string provided

Action:
Please provide connection string.

2024-08-11 19:54:44.773+05:30 ERROR c.m.applicationinsights.agent - 
*************************
Application Insights Java Agent 3.4.18 startup failed (PID 24328)
*************************

Description:
No connection string provided

Action:
Please provide connection string.

2024-08-11 19:57:55.745+05:30 ERROR c.m.applicationinsights.agent - 
*************************
Application Insights Java Agent 3.4.18 startup failed (PID 13816)
*************************

Description:
No connection string provided

Action:
Please provide connection string.

2024-08-11 19:58:34.658+05:30 ERROR c.m.applicationinsights.agent - 
*************************
Application Insights Java Agent 3.4.18 startup failed (PID 18536)
*************************

Description:
No connection string provided

Action:
Please provide connection string.

2024-08-11 20:01:31.412+05:30 ERROR c.m.applicationinsights.agent - 
*************************
Application Insights Java Agent 3.4.18 startup failed (PID 32572)
*************************

Description:
No connection string provided

Action:
Please provide connection string.

2024-08-11 20:02:19.804+05:30 ERROR c.m.applicationinsights.agent - 
*************************
Application Insights Java Agent 3.4.18 startup failed (PID 31648)
*************************

Description:
No connection string provided

Action:
Please provide connection string.

2024-08-11 20:03:02.064+05:30 ERROR c.m.applicationinsights.agent - 
*************************
Application Insights Java Agent 3.4.18 startup failed (PID 34748)
*************************

Description:
No connection string provided

Action:
Please provide connection string.

2024-08-11 20:06:26.557+05:30 ERROR c.m.applicationinsights.agent - 
*************************
Application Insights Java Agent 3.4.18 startup failed (PID 4064)
*************************

Description:
No connection string provided

Action:
Please provide connection string.

2024-08-11 20:08:01.320+05:30 ERROR c.m.applicationinsights.agent - 
*************************
Application Insights Java Agent 3.4.18 startup failed (PID 21380)
*************************

Description:
No connection string provided

Action:
Please provide connection string.

2024-08-11 20:08:46.253+05:30 ERROR c.m.applicationinsights.agent - 
*************************
Application Insights Java Agent 3.4.18 startup failed (PID 9008)
*************************

Description:
No connection string provided

Action:
Please provide connection string.

2024-08-11 20:10:02.665+05:30 ERROR c.m.applicationinsights.agent - 
*************************
Application Insights Java Agent 3.4.18 startup failed (PID 25392)
*************************

Description:
No connection string provided

Action:
Please provide connection string.

2024-08-11 20:11:43.354+05:30 ERROR c.m.applicationinsights.agent - 
*************************
Application Insights Java Agent 3.4.18 startup failed (PID 32840)
*************************

Description:
No connection string provided

Action:
Please provide connection string.

2024-08-11 20:23:13.414+05:30 ERROR c.m.applicationinsights.agent - 
*************************
Application Insights Java Agent 3.4.18 startup failed (PID 12552)
*************************

Description:
No connection string provided

Action:
Please provide connection string.

2024-08-11 20:26:23.615+05:30 ERROR c.m.applicationinsights.agent - 
*************************
Application Insights Java Agent 3.4.18 startup failed (PID 30952)
*************************

Description:
No connection string provided

Action:
Please provide connection string.

2024-08-24 13:30:54.623+05:30 ERROR c.m.applicationinsights.agent - 
*************************
Application Insights Java Agent 3.4.18 startup failed (PID 20316)
*************************

Description:
No connection string provided

Action:
Please provide connection string.

2024-08-24 13:31:45.818+05:30 ERROR c.m.applicationinsights.agent - 
*************************
Application Insights Java Agent 3.4.18 startup failed (PID 2460)
*************************

Description:
No connection string provided

Action:
Please provide connection string.

2024-08-24 13:32:34.653+05:30 ERROR c.m.applicationinsights.agent - 
*************************
Application Insights Java Agent 3.4.18 startup failed (PID 30600)
*************************

Description:
No connection string provided

Action:
Please provide connection string.

2024-08-24 13:38:32.954+05:30 ERROR c.m.applicationinsights.agent - 
*************************
Application Insights Java Agent 3.4.18 startup failed (PID 24648)
*************************

Description:
No connection string provided

Action:
Please provide connection string.

2024-08-24 13:39:01.829+05:30 ERROR c.m.applicationinsights.agent - 
*************************
Application Insights Java Agent 3.4.18 startup failed (PID 27568)
*************************

Description:
No connection string provided

Action:
Please provide connection string.

2024-08-24 13:40:47.863+05:30 ERROR c.m.applicationinsights.agent - 
*************************
Application Insights Java Agent 3.4.18 startup failed (PID 23976)
*************************

Description:
No connection string provided

Action:
Please provide connection string.

2024-08-24 13:42:12.340+05:30 ERROR c.m.applicationinsights.agent - 
*************************
Application Insights Java Agent 3.4.18 startup failed (PID 27872)
*************************

Description:
No connection string provided

Action:
Please provide connection string.

2024-08-24 13:47:30.623+05:30 ERROR c.m.applicationinsights.agent - 
*************************
Application Insights Java Agent 3.4.18 startup failed (PID 8296)
*************************

Description:
No connection string provided

Action:
Please provide connection string.

2024-08-24 13:53:30.283+05:30 ERROR c.m.applicationinsights.agent - 
*************************
Application Insights Java Agent 3.4.18 startup failed (PID 20892)
*************************

Description:
No connection string provided

Action:
Please provide connection string.

2024-08-24 13:53:59.221+05:30 ERROR c.m.applicationinsights.agent - 
*************************
Application Insights Java Agent 3.4.18 startup failed (PID 744)
*************************

Description:
No connection string provided

Action:
Please provide connection string.

2024-08-24 13:54:49.587+05:30 ERROR c.m.applicationinsights.agent - 
*************************
Application Insights Java Agent 3.4.18 startup failed (PID 21524)
*************************

Description:
No connection string provided

Action:
Please provide connection string.

2024-08-24 14:09:44.251+05:30 ERROR c.m.applicationinsights.agent - 
*************************
Application Insights Java Agent 3.4.18 startup failed (PID 27008)
*************************

Description:
No connection string provided

Action:
Please provide connection string.

2024-08-24 14:25:17.426+05:30 ERROR c.m.applicationinsights.agent - 
*************************
Application Insights Java Agent 3.4.18 startup failed (PID 4972)
*************************

Description:
No connection string provided

Action:
Please provide connection string.

2024-08-24 14:26:20.154+05:30 ERROR c.m.applicationinsights.agent - 
*************************
Application Insights Java Agent 3.4.18 startup failed (PID 30916)
*************************

Description:
No connection string provided

Action:
Please provide connection string.

2024-08-24 14:32:33.046+05:30 ERROR c.m.applicationinsights.agent - 
*************************
Application Insights Java Agent 3.4.18 startup failed (PID 11828)
*************************

Description:
No connection string provided

Action:
Please provide connection string.

2024-08-24 18:03:58.859+05:30 ERROR c.m.applicationinsights.agent - 
*************************
Application Insights Java Agent 3.4.18 startup failed (PID 20084)
*************************

Description:
No connection string provided

Action:
Please provide connection string.

2024-08-24 18:06:26.181+05:30 ERROR c.m.applicationinsights.agent - 
*************************
Application Insights Java Agent 3.4.18 startup failed (PID 13432)
*************************

Description:
No connection string provided

Action:
Please provide connection string.

2024-08-24 19:06:47.112+05:30 ERROR c.m.applicationinsights.agent - 
*************************
Application Insights Java Agent 3.4.18 startup failed (PID 33172)
*************************

Description:
No connection string provided

Action:
Please provide connection string.

